###############################################################################
#
# IAR ELF Linker V8.22.1.15669/W32 for ARM                07/Mar/2018  08:02:41
# Copyright 2007-2018 IAR Systems AB.
#
#    Output file  =  
#        C:\Users\Owner\Documents\Firmware\Random\UART2\EWARM\UART2\Exe\UART2.out
#    Map file     =  
#        C:\Users\Owner\Documents\Firmware\Random\UART2\EWARM\UART2\List\UART2.map
#    Command line =  
#        -f C:\Users\Owner\AppData\Local\Temp\EWB216.tmp
#        (C:\Users\Owner\Documents\Firmware\Random\UART2\EWARM\UART2\Obj\cowsay.o
#        C:\Users\Owner\Documents\Firmware\Random\UART2\EWARM\UART2\Obj\gpio.o
#        C:\Users\Owner\Documents\Firmware\Random\UART2\EWARM\UART2\Obj\main.o
#        C:\Users\Owner\Documents\Firmware\Random\UART2\EWARM\UART2\Obj\startup_stm32f446xx.o
#        C:\Users\Owner\Documents\Firmware\Random\UART2\EWARM\UART2\Obj\stm32f4xx_hal.o
#        C:\Users\Owner\Documents\Firmware\Random\UART2\EWARM\UART2\Obj\stm32f4xx_hal_cortex.o
#        C:\Users\Owner\Documents\Firmware\Random\UART2\EWARM\UART2\Obj\stm32f4xx_hal_dma.o
#        C:\Users\Owner\Documents\Firmware\Random\UART2\EWARM\UART2\Obj\stm32f4xx_hal_dma_ex.o
#        C:\Users\Owner\Documents\Firmware\Random\UART2\EWARM\UART2\Obj\stm32f4xx_hal_flash.o
#        C:\Users\Owner\Documents\Firmware\Random\UART2\EWARM\UART2\Obj\stm32f4xx_hal_flash_ex.o
#        C:\Users\Owner\Documents\Firmware\Random\UART2\EWARM\UART2\Obj\stm32f4xx_hal_flash_ramfunc.o
#        C:\Users\Owner\Documents\Firmware\Random\UART2\EWARM\UART2\Obj\stm32f4xx_hal_gpio.o
#        C:\Users\Owner\Documents\Firmware\Random\UART2\EWARM\UART2\Obj\stm32f4xx_hal_msp.o
#        C:\Users\Owner\Documents\Firmware\Random\UART2\EWARM\UART2\Obj\stm32f4xx_hal_pwr.o
#        C:\Users\Owner\Documents\Firmware\Random\UART2\EWARM\UART2\Obj\stm32f4xx_hal_pwr_ex.o
#        C:\Users\Owner\Documents\Firmware\Random\UART2\EWARM\UART2\Obj\stm32f4xx_hal_rcc.o
#        C:\Users\Owner\Documents\Firmware\Random\UART2\EWARM\UART2\Obj\stm32f4xx_hal_rcc_ex.o
#        C:\Users\Owner\Documents\Firmware\Random\UART2\EWARM\UART2\Obj\stm32f4xx_hal_tim.o
#        C:\Users\Owner\Documents\Firmware\Random\UART2\EWARM\UART2\Obj\stm32f4xx_hal_tim_ex.o
#        C:\Users\Owner\Documents\Firmware\Random\UART2\EWARM\UART2\Obj\stm32f4xx_hal_uart.o
#        C:\Users\Owner\Documents\Firmware\Random\UART2\EWARM\UART2\Obj\stm32f4xx_it.o
#        C:\Users\Owner\Documents\Firmware\Random\UART2\EWARM\UART2\Obj\system_stm32f4xx.o
#        C:\Users\Owner\Documents\Firmware\Random\UART2\EWARM\UART2\Obj\usart.o
#        --redirect _Printf=_PrintfFull --redirect _Scanf=_ScanfFull -o
#        C:\Users\Owner\Documents\Firmware\Random\UART2\EWARM\UART2\Exe\UART2.out
#        --map
#        C:\Users\Owner\Documents\Firmware\Random\UART2\EWARM\UART2\List\UART2.map
#        --config
#        C:\Users\Owner\Documents\Firmware\Random\UART2\EWARM/stm32f446xx_flash.icf
#        --semihosting --entry __iar_program_start --vfe --text_out locale)
#
###############################################################################

*******************************************************************************
*** RUNTIME MODEL ATTRIBUTES
***

CppFlavor       = *
__SystemLibrary = DLib
__dlib_version  = 6


*******************************************************************************
*** HEAP SELECTION
***

The basic heap was selected because no calls to memory allocation
functions were found in the application outside of system library
functions, and there are calls to deallocation functions in the
application.


*******************************************************************************
*** PLACEMENT SUMMARY
***

"A0":  place at 0x08000000 { ro section .intvec };
"P1":  place in [from 0x08000000 to 0x0807ffff] { ro };
define block CSTACK with size = 1K, alignment = 8 { };
define block HEAP with size = 512, alignment = 8 { };
"P2":  place in [from 0x20000000 to 0x2001ffff] {
          rw, block CSTACK, block HEAP };
initialize by copy { rw };

  Section            Kind        Address    Size  Object
  -------            ----        -------    ----  ------
"A0":                                      0x1c4
  .intvec            ro code  0x08000000   0x1c4  startup_stm32f446xx.o [1]
                            - 0x080001c4   0x1c4

"P1":                                     0x1875
  .text              ro code  0x080001c4   0x3ca  stm32f4xx_hal_uart.o [1]
  .text              ro code  0x08000590    0xc8  usart.o [1]
  .text              ro code  0x08000658     0xc  stm32f4xx_hal.o [1]
  .text              ro code  0x08000664   0x14c  stm32f4xx_hal_rcc.o [1]
  .text              ro code  0x080007b0   0x160  main.o [1]
  .text              ro code  0x08000910   0x1d0  stm32f4xx_hal_gpio.o [1]
  .text              ro code  0x08000ae0   0x3b4  stm32f4xx_hal_rcc_ex.o [1]
  .text              ro code  0x08000e94    0x40  stm32f4xx_hal.o [1]
  .text              ro code  0x08000ed4    0x34  stm32f4xx_hal.o [1]
  .text              ro code  0x08000f08    0x38  gpio.o [1]
  .text              ro code  0x08000f40    0xa6  ABImemcpy.o [5]
  .text              ro code  0x08000fe8    0x28  stm32f4xx_hal.o [1]
  .text              ro code  0x08001010   0x308  cowsay.o [1]
  .text              ro code  0x08001318    0xe6  stm32f4xx_hal_cortex.o [1]
  .text              ro code  0x08001400   0x22e  I64DivMod.o [5]
  .text              ro code  0x0800162e    0x70  stm32f4xx_hal_msp.o [1]
  .text              ro code  0x080016a0    0x3a  ABImemset48.o [5]
  .text              ro code  0x080016dc    0x66  ABImemset.o [5]
  .text              ro code  0x08001744     0x2  I64DivZer.o [5]
  .text              ro code  0x08001748    0x60  system_stm32f4xx.o [1]
  .text              ro code  0x080017a8    0x38  packbits_init_single.o [5]
  .text              ro code  0x080017e0    0x28  data_init.o [5]
  .text              ro code  0x08001808    0x22  fpinit_M.o [4]
  .iar.init_table    const    0x0800182c    0x10  - Linker created -
  .text              ro code  0x0800183c    0x20  stm32f4xx_it.o [1]
  .text              ro code  0x0800185c    0x10  stm32f4xx_hal.o [1]
  .text              ro code  0x0800186c    0x1e  cmain.o [5]
  .text              ro code  0x0800188a     0x4  low_level_init.o [3]
  .text              ro code  0x0800188e     0x4  exit.o [3]
  .text              ro code  0x08001894     0xa  cexit.o [5]
  .text              ro code  0x080018a0    0x14  exit.o [6]
  .text              ro code  0x080018b4    0x10  startup_stm32f446xx.o [1]
  .text              ro code  0x080018c4     0xc  cstartup_M.o [5]
  .rodata            const    0x080018d0     0x8  system_stm32f4xx.o [1]
  .text              ro code  0x080018d8     0x4  startup_stm32f446xx.o [1]
  .text              ro code  0x080018dc     0x4  startup_stm32f446xx.o [1]
  .text              ro code  0x080018e0     0x4  startup_stm32f446xx.o [1]
  .text              ro code  0x080018e4     0x4  startup_stm32f446xx.o [1]
  .text              ro code  0x080018e8     0x4  startup_stm32f446xx.o [1]
  .text              ro code  0x080018ec     0x4  startup_stm32f446xx.o [1]
  .text              ro code  0x080018f0     0x4  startup_stm32f446xx.o [1]
  .text              ro code  0x080018f4     0x4  startup_stm32f446xx.o [1]
  .text              ro code  0x080018f8     0x4  startup_stm32f446xx.o [1]
  .text              ro code  0x080018fc     0x4  startup_stm32f446xx.o [1]
  .text              ro code  0x08001900     0x4  startup_stm32f446xx.o [1]
  .text              ro code  0x08001904     0x4  startup_stm32f446xx.o [1]
  .text              ro code  0x08001908     0x4  startup_stm32f446xx.o [1]
  .text              ro code  0x0800190c     0x4  startup_stm32f446xx.o [1]
  .text              ro code  0x08001910     0x4  startup_stm32f446xx.o [1]
  .text              ro code  0x08001914     0x4  startup_stm32f446xx.o [1]
  .text              ro code  0x08001918     0x4  startup_stm32f446xx.o [1]
  .text              ro code  0x0800191c     0x4  startup_stm32f446xx.o [1]
  .text              ro code  0x08001920     0x4  startup_stm32f446xx.o [1]
  .text              ro code  0x08001924     0x4  startup_stm32f446xx.o [1]
  .text              ro code  0x08001928     0x4  startup_stm32f446xx.o [1]
  .text              ro code  0x0800192c     0x4  startup_stm32f446xx.o [1]
  .text              ro code  0x08001930     0x4  startup_stm32f446xx.o [1]
  .text              ro code  0x08001934     0x4  startup_stm32f446xx.o [1]
  .text              ro code  0x08001938     0x4  startup_stm32f446xx.o [1]
  .text              ro code  0x0800193c     0x4  startup_stm32f446xx.o [1]
  .text              ro code  0x08001940     0x4  startup_stm32f446xx.o [1]
  .text              ro code  0x08001944     0x4  startup_stm32f446xx.o [1]
  .text              ro code  0x08001948     0x4  startup_stm32f446xx.o [1]
  .text              ro code  0x0800194c     0x4  startup_stm32f446xx.o [1]
  .text              ro code  0x08001950     0x4  startup_stm32f446xx.o [1]
  .text              ro code  0x08001954     0x4  startup_stm32f446xx.o [1]
  .text              ro code  0x08001958     0x4  startup_stm32f446xx.o [1]
  .text              ro code  0x0800195c     0x4  startup_stm32f446xx.o [1]
  .text              ro code  0x08001960     0x4  startup_stm32f446xx.o [1]
  .text              ro code  0x08001964     0x4  startup_stm32f446xx.o [1]
  .text              ro code  0x08001968     0x4  startup_stm32f446xx.o [1]
  .text              ro code  0x0800196c     0x4  startup_stm32f446xx.o [1]
  .text              ro code  0x08001970     0x4  startup_stm32f446xx.o [1]
  .text              ro code  0x08001974     0x4  startup_stm32f446xx.o [1]
  .text              ro code  0x08001978     0x4  startup_stm32f446xx.o [1]
  .text              ro code  0x0800197c     0x4  startup_stm32f446xx.o [1]
  .text              ro code  0x08001980     0x4  startup_stm32f446xx.o [1]
  .text              ro code  0x08001984     0x4  startup_stm32f446xx.o [1]
  .text              ro code  0x08001988     0x4  startup_stm32f446xx.o [1]
  .text              ro code  0x0800198c     0x4  startup_stm32f446xx.o [1]
  .text              ro code  0x08001990     0x4  startup_stm32f446xx.o [1]
  .text              ro code  0x08001994     0x4  startup_stm32f446xx.o [1]
  .text              ro code  0x08001998     0x4  startup_stm32f446xx.o [1]
  .text              ro code  0x0800199c     0x4  startup_stm32f446xx.o [1]
  .text              ro code  0x080019a0     0x4  startup_stm32f446xx.o [1]
  .text              ro code  0x080019a4     0x4  startup_stm32f446xx.o [1]
  .text              ro code  0x080019a8     0x4  startup_stm32f446xx.o [1]
  .text              ro code  0x080019ac     0x4  startup_stm32f446xx.o [1]
  .text              ro code  0x080019b0     0x4  startup_stm32f446xx.o [1]
  .text              ro code  0x080019b4     0x4  startup_stm32f446xx.o [1]
  .text              ro code  0x080019b8     0x4  startup_stm32f446xx.o [1]
  .text              ro code  0x080019bc     0x4  startup_stm32f446xx.o [1]
  .text              ro code  0x080019c0     0x4  startup_stm32f446xx.o [1]
  .text              ro code  0x080019c4     0x4  startup_stm32f446xx.o [1]
  .text              ro code  0x080019c8     0x4  startup_stm32f446xx.o [1]
  .text              ro code  0x080019cc     0x4  startup_stm32f446xx.o [1]
  .text              ro code  0x080019d0     0x4  startup_stm32f446xx.o [1]
  .text              ro code  0x080019d4     0x4  startup_stm32f446xx.o [1]
  .text              ro code  0x080019d8     0x4  startup_stm32f446xx.o [1]
  .text              ro code  0x080019dc     0x4  startup_stm32f446xx.o [1]
  .text              ro code  0x080019e0     0x4  startup_stm32f446xx.o [1]
  .text              ro code  0x080019e4     0x4  startup_stm32f446xx.o [1]
  .text              ro code  0x080019e8     0x4  startup_stm32f446xx.o [1]
  .text              ro code  0x080019ec     0x4  startup_stm32f446xx.o [1]
  .text              ro code  0x080019f0     0x4  startup_stm32f446xx.o [1]
  .text              ro code  0x080019f4     0x4  startup_stm32f446xx.o [1]
  .text              ro code  0x080019f8     0x4  startup_stm32f446xx.o [1]
  .text              ro code  0x080019fc     0x4  startup_stm32f446xx.o [1]
  .text              ro code  0x08001a00     0x4  startup_stm32f446xx.o [1]
  .text              ro code  0x08001a04     0x4  startup_stm32f446xx.o [1]
  .text              ro code  0x08001a08     0x4  startup_stm32f446xx.o [1]
  .text              ro code  0x08001a0c     0x4  startup_stm32f446xx.o [1]
  .text              ro code  0x08001a10     0x4  startup_stm32f446xx.o [1]
  .text              ro code  0x08001a14     0x4  startup_stm32f446xx.o [1]
  .text              ro code  0x08001a18     0x4  startup_stm32f446xx.o [1]
  .text              ro code  0x08001a1c     0x4  startup_stm32f446xx.o [1]
  .text              ro code  0x08001a20     0x4  startup_stm32f446xx.o [1]
  .text              ro code  0x08001a24     0x4  startup_stm32f446xx.o [1]
  .text              ro code  0x08001a28     0x4  startup_stm32f446xx.o [1]
  .rodata            const    0x08001a2c     0x0  packbits_init_single.o [5]
  Initializer bytes  const    0x08001a2c     0xd  <for P2-1>
                            - 0x08001a39  0x1875

"P2", part 1 of 2:                          0x50
  P2-1                        0x20000000    0x50  <Init block>
    .data            inited   0x20000000     0xc  stm32f4xx_hal.o [1]
    .data            inited   0x2000000c     0x4  system_stm32f4xx.o [1]
    .bss             inited   0x20000010    0x40  usart.o [1]
                            - 0x20000050    0x50

"P2", part 2 of 2:                         0x400
  CSTACK                      0x20000050   0x400  <Block>
    CSTACK           uninit   0x20000050   0x400  <Block tail>
                            - 0x20000450   0x400


*******************************************************************************
*** INIT TABLE
***

          Address     Size
          -------     ----
Copy/packbits (__iar_packbits_init_single3)
    1 source range, total size 0xd (16% of destination):
          0x08001a2c   0xd
    1 destination range, total size 0x50:
          0x20000000  0x50



*******************************************************************************
*** MODULE SUMMARY
***

    Module                  ro code  ro data  rw data
    ------                  -------  -------  -------
C:\Users\Owner\Documents\Firmware\Random\UART2\EWARM\UART2\Obj: [1]
    cowsay.o                    776
    gpio.o                       56
    main.o                      352
    startup_stm32f446xx.o       808
    stm32f4xx_hal.o             184        1       12
    stm32f4xx_hal_cortex.o      230
    stm32f4xx_hal_gpio.o        464
    stm32f4xx_hal_msp.o         112
    stm32f4xx_hal_rcc.o         332
    stm32f4xx_hal_rcc_ex.o      948
    stm32f4xx_hal_uart.o        970
    stm32f4xx_it.o               32
    system_stm32f4xx.o           96        9        4
    usart.o                     200       11       64
    -------------------------------------------------
    Total:                    5 560       21       80

command line: [2]
    -------------------------------------------------
    Total:

dl7M_tlf.a: [3]
    exit.o                        4
    low_level_init.o              4
    -------------------------------------------------
    Total:                        8

m7M_tls.a: [4]
    fpinit_M.o                   34
    -------------------------------------------------
    Total:                       34

rt7M_tl.a: [5]
    ABImemcpy.o                 166
    ABImemset.o                 102
    ABImemset48.o                58
    I64DivMod.o                 558
    I64DivZer.o                   2
    cexit.o                      10
    cmain.o                      30
    cstartup_M.o                 12
    data_init.o                  40
    packbits_init_single.o       56
    -------------------------------------------------
    Total:                    1 034

shb_l.a: [6]
    exit.o                       20
    -------------------------------------------------
    Total:                       20

    Gaps                         18        2
    Linker created                        16    1 024
-----------------------------------------------------
    Grand Total:              6 674       39    1 104


*******************************************************************************
*** ENTRY LIST
***

Entry                      Address   Size  Type      Object
-----                      -------   ----  ----      ------
.iar.init_table$$Base   0x0800182c          --   Gb  - Linker created -
.iar.init_table$$Limit  0x0800183c          --   Gb  - Linker created -
?main                   0x0800186d         Code  Gb  cmain.o [5]
AHBPrescTable           0x08001798   0x10  Data  Gb  system_stm32f4xx.o [1]
APBPrescTable           0x080018d0    0x8  Data  Gb  system_stm32f4xx.o [1]
BusFault_Handler        0x08001843    0x2  Code  Gb  stm32f4xx_it.o [1]
CSTACK$$Base            0x20000050          --   Gb  - Linker created -
CSTACK$$Limit           0x20000450          --   Gb  - Linker created -
DebugMon_Handler        0x08001849    0x2  Code  Gb  stm32f4xx_it.o [1]
HAL_Delay               0x08000fe9   0x28  Code  Wk  stm32f4xx_hal.o [1]
HAL_GPIO_Init           0x08000911  0x1a8  Code  Gb  stm32f4xx_hal_gpio.o [1]
HAL_GetTick             0x08000659    0xc  Code  Wk  stm32f4xx_hal.o [1]
HAL_IncTick             0x0800185d   0x10  Code  Wk  stm32f4xx_hal.o [1]
HAL_Init                0x08000ed5   0x30  Code  Gb  stm32f4xx_hal.o [1]
HAL_InitTick            0x08000e95   0x40  Code  Wk  stm32f4xx_hal.o [1]
HAL_MspInit             0x0800162f   0x70  Code  Gb  stm32f4xx_hal_msp.o [1]
HAL_NVIC_EnableIRQ      0x0800138b    0xa  Code  Gb  stm32f4xx_hal_cortex.o [1]
HAL_NVIC_SetPriority    0x08001351   0x3a  Code  Gb  stm32f4xx_hal_cortex.o [1]
HAL_NVIC_SetPriorityGrouping
                        0x08001337   0x1a  Code  Gb  stm32f4xx_hal_cortex.o [1]
HAL_RCC_ClockConfig     0x08000665   0xfe  Code  Gb  stm32f4xx_hal_rcc.o [1]
HAL_RCC_GetHCLKFreq     0x0800076f    0x6  Code  Gb  stm32f4xx_hal_rcc.o [1]
HAL_RCC_GetPCLK1Freq    0x08000775   0x10  Code  Gb  stm32f4xx_hal_rcc.o [1]
HAL_RCC_GetPCLK2Freq    0x08000785    0xe  Code  Gb  stm32f4xx_hal_rcc.o [1]
HAL_RCC_GetSysClockFreq
                        0x08000aed   0x7a  Code  Gb  stm32f4xx_hal_rcc_ex.o [1]
HAL_RCC_OscConfig       0x08000b77  0x2ee  Code  Gb  stm32f4xx_hal_rcc_ex.o [1]
HAL_SYSTICK_CLKSourceConfig
                        0x080013c7   0x1a  Code  Gb  stm32f4xx_hal_cortex.o [1]
HAL_SYSTICK_Config      0x0800139f   0x28  Code  Gb  stm32f4xx_hal_cortex.o [1]
HAL_SYSTICK_IRQHandler  0x080013f9    0x4  Code  Gb  stm32f4xx_hal_cortex.o [1]
HAL_UART_Init           0x080001c5   0x1e  Code  Gb  stm32f4xx_hal_uart.o [1]
HAL_UART_MspInit        0x080005c5   0x46  Code  Gb  usart.o [1]
HAL_UART_Receive        0x080002e7   0xba  Code  Gb  stm32f4xx_hal_uart.o [1]
HAL_UART_Transmit       0x0800023d   0xaa  Code  Gb  stm32f4xx_hal_uart.o [1]
HardFault_Handler       0x0800183f    0x2  Code  Gb  stm32f4xx_it.o [1]
MX_GPIO_Init            0x08000f09   0x38  Code  Gb  gpio.o [1]
MX_USART2_UART_Init     0x08000591   0x34  Code  Gb  usart.o [1]
MemManage_Handler       0x08001841    0x2  Code  Gb  stm32f4xx_it.o [1]
NMI_Handler             0x0800183d    0x2  Code  Gb  stm32f4xx_it.o [1]
NVIC_SetPriority        0x08001319   0x1e  Code  Lc  stm32f4xx_hal_cortex.o [1]
PendSV_Handler          0x0800184b    0x2  Code  Gb  stm32f4xx_it.o [1]
RCC_IRQHandler          0x0800185b    0x2  Code  Gb  stm32f4xx_it.o [1]
Region$$Table$$Base     0x0800182c          --   Gb  - Linker created -
Region$$Table$$Limit    0x0800183c          --   Gb  - Linker created -
SVC_Handler             0x08001847    0x2  Code  Gb  stm32f4xx_it.o [1]
SysTick_Handler         0x0800184d    0xe  Code  Gb  stm32f4xx_it.o [1]
SystemClock_Config      0x080007fd   0xaa  Code  Gb  main.o [1]
SystemCoreClock         0x2000000c    0x4  Data  Gb  system_stm32f4xx.o [1]
SystemInit              0x08001749   0x3a  Code  Gb  system_stm32f4xx.o [1]
UART_SetConfig          0x0800040d  0x13a  Code  Lc  stm32f4xx_hal_uart.o [1]
UART_WaitOnFlagUntilTimeout
                        0x080003a9   0x56  Code  Lc  stm32f4xx_hal_uart.o [1]
UsageFault_Handler      0x08001845    0x2  Code  Gb  stm32f4xx_it.o [1]
_Error_Handler          0x080008b5    0x2  Code  Gb  main.o [1]
__aeabi_ldiv0           0x08001745         Code  Gb  I64DivZer.o [5]
__aeabi_memcpy          0x08000f41         Code  Gb  ABImemcpy.o [5]
__aeabi_memcpy4         0x08000f61         Code  Gb  ABImemcpy.o [5]
__aeabi_memcpy8         0x08000f61         Code  Gb  ABImemcpy.o [5]
__aeabi_memset          0x080016dd         Code  Gb  ABImemset.o [5]
__aeabi_memset4         0x080016a1         Code  Gb  ABImemset48.o [5]
__aeabi_memset8         0x080016a1         Code  Gb  ABImemset48.o [5]
__aeabi_uldivmod        0x08001401         Code  Gb  I64DivMod.o [5]
__cmain                 0x0800186d         Code  Gb  cmain.o [5]
__exit                  0x080018a1   0x14  Code  Gb  exit.o [6]
__iar_Memset            0x080016dd         Code  Gb  ABImemset.o [5]
__iar_Memset4_word      0x080016a9         Code  Gb  ABImemset48.o [5]
__iar_Memset8_word      0x080016a9         Code  Gb  ABImemset48.o [5]
__iar_Memset_word       0x080016e5         Code  Gb  ABImemset.o [5]
__iar_data_init3        0x080017e1   0x28  Code  Gb  data_init.o [5]
__iar_init_vfp          0x08001809         Code  Gb  fpinit_M.o [4]
__iar_packbits_init_single3
                        0x080017a9   0x38  Code  Gb  packbits_init_single.o [5]
__iar_program_start     0x080018c5         Code  Gb  cstartup_M.o [5]
__iar_systems$$module {Abs}
                        0x00000001         Data  Gb  command line/config [2]
__low_level_init        0x0800188b    0x4  Code  Gb  low_level_init.o [3]
__vector_table          0x08000000         Data  Gb  startup_stm32f446xx.o [1]
_call_main              0x08001879         Code  Gb  cmain.o [5]
_exit                   0x08001895         Code  Gb  cexit.o [5]
_main                   0x08001887         Code  Gb  cmain.o [5]
clearString             0x080011f3    0xc  Code  Gb  cowsay.o [1]
drawCow                 0x080010e9   0x74  Code  Gb  cowsay.o [1]
drawTextBox             0x08001011   0xd6  Code  Gb  cowsay.o [1]
exit                    0x0800188f    0x4  Code  Gb  exit.o [3]
huart2                  0x20000010   0x40  Data  Gb  usart.o [1]
main                    0x080007b1   0x4c  Code  Gb  main.o [1]
receiveInput            0x08001169   0x7e  Code  Gb  cowsay.o [1]
uwTick                  0x20000004    0x4  Data  Gb  stm32f4xx_hal.o [1]
uwTickFreq              0x20000000    0x1  Data  Gb  stm32f4xx_hal.o [1]
uwTickPrio              0x20000008    0x4  Data  Gb  stm32f4xx_hal.o [1]


[1] = C:\Users\Owner\Documents\Firmware\Random\UART2\EWARM\UART2\Obj
[2] = command line
[3] = dl7M_tlf.a
[4] = m7M_tls.a
[5] = rt7M_tl.a
[6] = shb_l.a

  6 674 bytes of readonly  code memory
     39 bytes of readonly  data memory
  1 104 bytes of readwrite data memory

Errors: none
Warnings: none
